┌ Process Details ─────────────────────────────────────────────────────────────┐
│Task ID: test-task-id                                                         │
│Command: echo hello world                                                     │
│Status: exited (16m 40s)                                                      │
│PID: 5678 | PGID: 5678                                                        │
│Directory: /tmp/test                                                          │
│Log File: /tmp/ghost/logs/test.log                                            │
└──────────────────────────────────────────────────────────────────────────────┘
┌ Listening Ports ─────────────────────────────────────────────────────────────┐
│Process not running                                                           │
│                                                                              │
│                                                                              │
└──────────────────────────────────────────────────────────────────────────────┘
┌ Environment Variables ───────────────────────────────────────────────────────┐
│TEST_VAR=test_value                                                           │
│                                                                              │
│                                                                              │
├──────────────────────────────────────────────────────────────────────────────┤
│          [q] Quit  [Esc] Back to list  [j/k] Scroll  [C-d/C-u] Page          │
└──────────────────────────────────────────────────────────────────────────────┘