┌ Process Details ─────────────────────────────────────────────────────────────┐
│Task ID: listening-task                                                       │
│Command: node server.js                                                       │
│Status: running (13286h 37m 4s)                                               │
│PID: 12345 | PGID: 12345                                                      │
│Directory: /home/user/projects/server                                         │
└──────────────────────────────────────────────────────────────────────────────┘
┌ Listening Ports ─────────────────────────────────────────────────────────────┐
│tcp     127.0.0.1:8080     LISTEN                                            │
│tcp     *:3000             LISTEN                                            │
│                                                                              │
└──────────────────────────────────────────────────────────────────────────────┘
┌ Environment Variables ───────────────────────────────────────────────────────┐
│NODE_ENV=production                                                           │
│PORT=8080                                                                     │
│                                                                              │
│                                                                              │
│                                                                              │
│                                                                              │
├──────────────────────────────────────────────────────────────────────────────┤
│          [q] Quit  [Esc] Back to list  [j/k] Scroll  [C-d/C-u] Page          │
└──────────────────────────────────────────────────────────────────────────────┘