┌ Ghost v0.2.0 [Filter: All] ─────────────────────────────────────────────┐
│ ID      PID     Status  Starte  Command              Directory          │
│ abc123  12345   runnin  2024-0  echo hello           -                  │
│ def678  67890   exited  2024-0  cargo build          -                  │
│ ghi111  11111   killed  2024-0  python script.py     -                  │
│                                                                         │
│                                                                         │
│                                                                         │
│                                                                         │
├─────────────────────────────────────────────────────────────────────────┤
│ j/k:Move  l:Log  r:Rerun  s/C-k:Stop  q:Quit  g/G:Top/Bot  C-d/u:Page   │
└─────────────────────────────────────────────────────────────────────────┘
