┌ Ghost v0.1.0 [Filter: All] ─────────────────────────────────────────────┐
│ ID      PID     Status  Starte  Command              Directory          │
│                                                                         │
│                                                                         │
│                                                                         │
│                                                                         │
│                                                                         │
│                                                                         │
│                                                                         │
├─────────────────────────────────────────────────────────────────────────┤
│ j/k:Move  l:Log  r:Rerun  s/C-k:Stop  q:Quit  g/G:Top/Bot  C-d/u:Page   │
└─────────────────────────────────────────────────────────────────────────┘
